[
  {
    "location": {
      "filePath": "main.bal",
      "startLine": 23,
      "endLine": 23,
      "startColumn": 31,
      "endColumn": 58,
      "startOffset": 894,
      "length": 27
    },
    "rule": {
      "id": "ballerina/io:1",
      "numericId": 1,
      "description": "I/O function calls should not be vulnerable to path injection attacks",
      "ruleKind": "VULNERABILITY"
    },
    "source": "BUILT_IN",
    "fileName": "rule1/main.bal",
    "filePath": "**PATH_TO_MODULE_ROOT**/module-ballerina-io/compiler-plugin-tests/src/test/resources/static_code_analyzer/ballerina_packages/rule1/main.bal"
  }
]
